2025-04-18 20:40:25,877 - INFO - 
========================================
Traitement de BIOGRID_ (humain)
========================================
2025-04-18 20:40:26,824 - INFO - FS: 80778 interactions
2025-04-18 20:40:26,902 - INFO - SL: 86981 interactions
2025-04-18 20:40:26,947 - INFO - CO: 72599 interactions
2025-04-18 20:40:27,008 - INFO - HCN: 88647 interactions
2025-04-18 20:40:27,090 - INFO - Interactions communes: 66373
2025-04-18 20:40:27,789 - INFO - 
Réseau final sauvegardé dans C:\Users\PC\Documents\M2 HPC\PFE\PFE_CODE\Data\clean data\weighted_networks\weighted_BIOGRID_humain.txt
2025-04-18 20:40:27,827 - INFO - 
Résultats pour BIOGRID__humain:
2025-04-18 20:40:27,827 - INFO - - Protéines uniques: 9171
2025-04-18 20:40:27,827 - INFO - - Interactions: 66373
2025-04-18 20:40:27,827 - INFO - - Poids moyen: 0.2936
2025-04-18 20:40:27,827 - INFO - - Densité du réseau: 0.001578
2025-04-18 20:40:27,858 - INFO - 
========================================
Traitement de STRING_ (humain)
========================================
2025-04-18 20:40:29,620 - INFO - FS: 205424 interactions
2025-04-18 20:40:29,737 - INFO - SL: 227814 interactions
2025-04-18 20:40:29,803 - INFO - CO: 182177 interactions
2025-04-18 20:40:29,920 - INFO - HCN: 228171 interactions
2025-04-18 20:40:30,087 - INFO - Interactions communes: 166001
2025-04-18 20:40:31,468 - INFO - 
Réseau final sauvegardé dans C:\Users\PC\Documents\M2 HPC\PFE\PFE_CODE\Data\clean data\weighted_networks\weighted_STRING_humain.txt
2025-04-18 20:40:31,568 - INFO - 
Résultats pour STRING__humain:
2025-04-18 20:40:31,568 - INFO - - Protéines uniques: 13016
2025-04-18 20:40:31,568 - INFO - - Interactions: 166001
2025-04-18 20:40:31,568 - INFO - - Poids moyen: 0.3026
2025-04-18 20:40:31,568 - INFO - - Densité du réseau: 0.001960
2025-04-18 20:40:31,608 - INFO - 
========================================
Traitement de BIOGRID_ (levure)
========================================
2025-04-18 20:40:31,871 - INFO - FS: 39945 interactions
2025-04-18 20:40:31,889 - INFO - SL: 48757 interactions
2025-04-18 20:40:31,927 - INFO - CO: 47516 interactions
2025-04-18 20:40:31,951 - INFO - HCN: 50000 interactions
2025-04-18 20:40:31,985 - INFO - Interactions communes: 37368
2025-04-18 20:40:32,240 - INFO - 
Réseau final sauvegardé dans C:\Users\PC\Documents\M2 HPC\PFE\PFE_CODE\Data\clean data\weighted_networks\weighted_BIOGRID_levure.txt
2025-04-18 20:40:32,255 - INFO - 
Résultats pour BIOGRID__levure:
2025-04-18 20:40:32,255 - INFO - - Protéines uniques: 4409
2025-04-18 20:40:32,255 - INFO - - Interactions: 37368
2025-04-18 20:40:32,255 - INFO - - Poids moyen: 0.3044
2025-04-18 20:40:32,269 - INFO - - Densité du réseau: 0.003845
2025-04-18 20:40:32,271 - INFO - 
========================================
Traitement de DIP_ (levure)
========================================
2025-04-18 20:40:32,505 - INFO - FS: 16393 interactions
2025-04-18 20:40:32,520 - INFO - SL: 21582 interactions
2025-04-18 20:40:32,540 - INFO - CO: 20652 interactions
2025-04-18 20:40:32,542 - INFO - HCN: 22614 interactions
2025-04-18 20:40:32,562 - INFO - Interactions communes: 15376
2025-04-18 20:40:32,650 - INFO - 
Réseau final sauvegardé dans C:\Users\PC\Documents\M2 HPC\PFE\PFE_CODE\Data\clean data\weighted_networks\weighted_DIP_levure.txt
2025-04-18 20:40:32,650 - INFO - 
Résultats pour DIP__levure:
2025-04-18 20:40:32,665 - INFO - - Protéines uniques: 3973
2025-04-18 20:40:32,668 - INFO - - Interactions: 15376
2025-04-18 20:40:32,669 - INFO - - Poids moyen: 0.3245
2025-04-18 20:40:32,670 - INFO - - Densité du réseau: 0.001949
2025-04-18 20:40:32,676 - INFO - 
========================================
Traitement de STRING_ (levure)
========================================
2025-04-18 20:40:33,183 - INFO - FS: 86142 interactions
2025-04-18 20:40:33,235 - INFO - SL: 91378 interactions
2025-04-18 20:40:33,266 - INFO - CO: 90224 interactions
2025-04-18 20:40:33,317 - INFO - HCN: 96810 interactions
2025-04-18 20:40:33,383 - INFO - Interactions communes: 76901
2025-04-18 20:40:33,999 - INFO - 
Réseau final sauvegardé dans C:\Users\PC\Documents\M2 HPC\PFE\PFE_CODE\Data\clean data\weighted_networks\weighted_STRING_levure.txt
2025-04-18 20:40:34,020 - INFO - 
Résultats pour STRING__levure:
2025-04-18 20:40:34,020 - INFO - - Protéines uniques: 4935
2025-04-18 20:40:34,020 - INFO - - Interactions: 76901
2025-04-18 20:40:34,020 - INFO - - Poids moyen: 0.3390
2025-04-18 20:40:34,020 - INFO - - Densité du réseau: 0.006316
2025-04-18 20:40:34,044 - INFO - 

Récapitulatif final:
2025-04-18 20:40:34,052 - INFO - 
        network  unique_proteins  interactions  mean_weight  density
BIOGRID__humain             9171         66373     0.293575 0.001578
 STRING__humain            13016        166001     0.302619 0.001960
BIOGRID__levure             4409         37368     0.304375 0.003845
    DIP__levure             3973         15376     0.324516 0.001949
 STRING__levure             4935         76901     0.338952 0.006316
2025-04-18 20:40:34,055 - INFO - 
Statistiques sauvegardées dans C:\Users\PC\Documents\M2 HPC\PFE\PFE_CODE\Data\clean data\autres\network_statistics.txt
